2026-10-07 09:31:18,155 [INFO] Starting Job Alert Bot...
2026-10-07 09:31:18,156 [INFO] Timezone: Asia/Makassar
2026-10-07 09:31:18,156 [INFO] Schedule hours: [0, 1, 2, 3, 4, 5, 6, 7, 8, 9, 10, 11, 12, 13, 14, 15, 16, 17, 18, 19, 20, 21, 22, 23] (24/7)
2026-10-07 09:31:18,156 [INFO] Location filter: manado
2026-10-07 09:31:19,197 [INFO] Notification sent successfully
2026-10-07 09:31:19,246 [INFO] Adding job tentatively -- it will be properly scheduled when the scheduler starts
2026-10-07 09:31:19,246 [INFO] Scheduled job check at 0:00
2026-10-07 09:31:19,246 [INFO] Adding job tentatively -- it will be properly scheduled when the scheduler starts
2026-10-07 09:31:19,246 [INFO] Scheduled job check at 1:00
2026-10-07 09:31:19,247 [INFO] Adding job tentatively -- it will be properly scheduled when the scheduler starts
2026-10-07 09:31:19,247 [INFO] Scheduled job check at 2:00
2026-10-07 09:31:19,247 [INFO] Adding job tentatively -- it will be properly scheduled when the scheduler starts
2026-10-07 09:31:19,247 [INFO] Scheduled job check at 3:00
2026-10-07 09:31:19,247 [INFO] Adding job tentatively -- it will be properly scheduled when the scheduler starts
2026-10-07 09:31:19,247 [INFO] Scheduled job check at 4:00
2026-10-07 09:31:19,247 [INFO] Adding job tentatively -- it will be properly scheduled when the scheduler starts
2026-10-07 09:31:19,247 [INFO] Scheduled job check at 5:00
2026-10-07 09:31:19,247 [INFO] Adding job tentatively -- it will be properly scheduled when the scheduler starts
2026-10-07 09:31:19,247 [INFO] Scheduled job check at 6:00
2026-10-07 09:31:19,248 [INFO] Adding job tentatively -- it will be properly scheduled when the scheduler starts
2026-10-07 09:31:19,248 [INFO] Scheduled job check at 7:00
2026-10-07 09:31:19,248 [INFO] Adding job tentatively -- it will be properly scheduled when the scheduler starts
2026-10-07 09:31:19,248 [INFO] Scheduled job check at 8:00
2026-10-07 09:31:19,248 [INFO] Adding job tentatively -- it will be properly scheduled when the scheduler starts
2026-10-07 09:31:19,248 [INFO] Scheduled job check at 9:00
2026-10-07 09:31:19,248 [INFO] Adding job tentatively -- it will be properly scheduled when the scheduler starts
2026-10-07 09:31:19,248 [INFO] Scheduled job check at 10:00
2026-10-07 09:31:19,249 [INFO] Adding job tentatively -- it will be properly scheduled when the scheduler starts
2026-10-07 09:31:19,249 [INFO] Scheduled job check at 11:00
2026-10-07 09:31:19,249 [INFO] Adding job tentatively -- it will be properly scheduled when the scheduler starts
2026-10-07 09:31:19,249 [INFO] Scheduled job check at 12:00
2026-10-07 09:31:19,249 [INFO] Adding job tentatively -- it will be properly scheduled when the scheduler starts
2026-10-07 09:31:19,249 [INFO] Scheduled job check at 13:00
2026-10-07 09:31:19,250 [INFO] Adding job tentatively -- it will be properly scheduled when the scheduler starts
2026-10-07 09:31:19,250 [INFO] Scheduled job check at 14:00
2026-10-07 09:31:19,250 [INFO] Adding job tentatively -- it will be properly scheduled when the scheduler starts
2026-10-07 09:31:19,250 [INFO] Scheduled job check at 15:00
2026-10-07 09:31:19,250 [INFO] Adding job tentatively -- it will be properly scheduled when the scheduler starts
2026-10-07 09:31:19,250 [INFO] Scheduled job check at 16:00
2026-10-07 09:31:19,250 [INFO] Adding job tentatively -- it will be properly scheduled when the scheduler starts
2026-10-07 09:31:19,250 [INFO] Scheduled job check at 17:00
2026-10-07 09:31:19,250 [INFO] Adding job tentatively -- it will be properly scheduled when the scheduler starts
2026-10-07 09:31:19,251 [INFO] Scheduled job check at 18:00
2026-10-07 09:31:19,251 [INFO] Adding job tentatively -- it will be properly scheduled when the scheduler starts
2026-10-07 09:31:19,251 [INFO] Scheduled job check at 19:00
2026-10-07 09:31:19,251 [INFO] Adding job tentatively -- it will be properly scheduled when the scheduler starts
2026-10-07 09:31:19,251 [INFO] Scheduled job check at 20:00
2026-10-07 09:31:19,251 [INFO] Adding job tentatively -- it will be properly scheduled when the scheduler starts
2026-10-07 09:31:19,251 [INFO] Scheduled job check at 21:00
2026-10-07 09:31:19,251 [INFO] Adding job tentatively -- it will be properly scheduled when the scheduler starts
2026-10-07 09:31:19,251 [INFO] Scheduled job check at 22:00
2026-10-07 09:31:19,252 [INFO] Adding job tentatively -- it will be properly scheduled when the scheduler starts
2026-10-07 09:31:19,252 [INFO] Scheduled job check at 23:00
2026-10-07 09:31:19,253 [INFO] Adding job tentatively -- it will be properly scheduled when the scheduler starts
2026-10-07 09:31:19,253 [INFO] Scheduler started. Press Ctrl+C to exit.
2026-10-07 09:31:19,254 [INFO] Added job "Job check at 0:00" to job store "default"
2026-10-07 09:31:19,254 [INFO] Added job "Job check at 1:00" to job store "default"
2026-10-07 09:31:19,254 [INFO] Added job "Job check at 2:00" to job store "default"
2026-10-07 09:31:19,254 [INFO] Added job "Job check at 3:00" to job store "default"
2026-10-07 09:31:19,254 [INFO] Added job "Job check at 4:00" to job store "default"
2026-10-07 09:31:19,254 [INFO] Added job "Job check at 5:00" to job store "default"
2026-10-07 09:31:19,255 [INFO] Added job "Job check at 6:00" to job store "default"
2026-10-07 09:31:19,255 [INFO] Added job "Job check at 7:00" to job store "default"
2026-10-07 09:31:19,255 [INFO] Added job "Job check at 8:00" to job store "default"
2026-10-07 09:31:19,255 [INFO] Added job "Job check at 9:00" to job store "default"
2026-10-07 09:31:19,255 [INFO] Added job "Job check at 10:00" to job store "default"
2026-10-07 09:31:19,255 [INFO] Added job "Job check at 11:00" to job store "default"
2026-10-07 09:31:19,255 [INFO] Added job "Job check at 12:00" to job store "default"
2026-10-07 09:31:19,256 [INFO] Added job "Job check at 13:00" to job store "default"
2026-10-07 09:31:19,256 [INFO] Added job "Job check at 14:00" to job store "default"
2026-10-07 09:31:19,256 [INFO] Added job "Job check at 15:00" to job store "default"
2026-10-07 09:31:19,257 [INFO] Added job "Job check at 16:00" to job store "default"
2026-10-07 09:31:19,257 [INFO] Added job "Job check at 17:00" to job store "default"
2026-10-07 09:31:19,257 [INFO] Added job "Job check at 18:00" to job store "default"
2026-10-07 09:31:19,257 [INFO] Added job "Job check at 19:00" to job store "default"
2026-10-07 09:31:19,257 [INFO] Added job "Job check at 20:00" to job store "default"
2026-10-07 09:31:19,257 [INFO] Added job "Job check at 21:00" to job store "default"
2026-10-07 09:31:19,257 [INFO] Added job "Job check at 22:00" to job store "default"
2026-10-07 09:31:19,258 [INFO] Added job "Job check at 23:00" to job store "default"
2026-10-07 09:31:19,258 [INFO] Added job "Startup job check" to job store "default"
2026-10-07 09:31:19,258 [INFO] Scheduler started
2026-10-07 09:31:19,258 [INFO] Running job "Startup job check (trigger: date[2026-10-07 09:31:19 WITA], next run at: 2026-10-07 09:31:19 WITA)" (scheduled at 2026-10-07 09:31:19.253363+08:00)
2026-10-07 09:31:19,258 [INFO] ==================================================
2026-10-07 09:31:19,258 [INFO] Job check started at 2026-10-07 09:31:19.258878
2026-10-07 09:31:19,258 [INFO] Searching: Excel
2026-10-07 09:31:19,260 [INFO] Removed job job_check_startup
2026-10-07 09:31:30,194 [INFO] Kalibrr: Found 30 job links for 'Excel'
2026-10-07 09:32:51,431 [WARNING] Indeed blocked the request
2026-10-07 09:33:01,411 [WARNING] Google blocked the request
2026-10-07 09:33:03,907 [INFO] Searching: Microsoft Excel
2026-10-07 09:33:14,100 [INFO] Kalibrr: Found 30 job links for 'Microsoft Excel'
2026-10-07 09:33:20,426 [INFO] Scheduler stopped.
2026-10-07 09:33:21,477 [INFO] Notification sent successfully
2026-10-07 09:33:22,501 [INFO] Starting Job Alert Bot...
2026-10-07 09:33:22,502 [INFO] Timezone: Asia/Makassar
2026-10-07 09:33:22,502 [INFO] Schedule hours: [0, 1, 2, 3, 4, 5, 6, 7, 8, 9, 10, 11, 12, 13, 14, 15, 16, 17, 18, 19, 20, 21, 22, 23] (24/7)
2026-10-07 09:33:22,502 [INFO] Location filter: manado
2026-10-07 09:33:23,430 [INFO] Notification sent successfully
2026-10-07 09:33:23,459 [INFO] Adding job tentatively -- it will be properly scheduled when the scheduler starts
2026-10-07 09:33:23,460 [INFO] Scheduled job check at 0:00
2026-10-07 09:33:23,460 [INFO] Adding job tentatively -- it will be properly scheduled when the scheduler starts
2026-10-07 09:33:23,460 [INFO] Scheduled job check at 1:00
2026-10-07 09:33:23,461 [INFO] Adding job tentatively -- it will be properly scheduled when the scheduler starts
2026-10-07 09:33:23,461 [INFO] Scheduled job check at 2:00
2026-10-07 09:33:23,461 [INFO] Adding job tentatively -- it will be properly scheduled when the scheduler starts
2026-10-07 09:33:23,461 [INFO] Scheduled job check at 3:00
2026-10-07 09:33:23,461 [INFO] Adding job tentatively -- it will be properly scheduled when the scheduler starts
2026-10-07 09:33:23,461 [INFO] Scheduled job check at 4:00
2026-10-07 09:33:23,461 [INFO] Adding job tentatively -- it will be properly scheduled when the scheduler starts
2026-10-07 09:33:23,461 [INFO] Scheduled job check at 5:00
2026-10-07 09:33:23,462 [INFO] Adding job tentatively -- it will be properly scheduled when the scheduler starts
2026-10-07 09:33:23,462 [INFO] Scheduled job check at 6:00
2026-10-07 09:33:23,462 [INFO] Adding job tentatively -- it will be properly scheduled when the scheduler starts
2026-10-07 09:33:23,463 [INFO] Scheduled job check at 7:00
2026-10-07 09:33:23,463 [INFO] Adding job tentatively -- it will be properly scheduled when the scheduler starts
2026-10-07 09:33:23,463 [INFO] Scheduled job check at 8:00
2026-10-07 09:33:23,463 [INFO] Adding job tentatively -- it will be properly scheduled when the scheduler starts
2026-10-07 09:33:23,463 [INFO] Scheduled job check at 9:00
2026-10-07 09:33:23,463 [INFO] Adding job tentatively -- it will be properly scheduled when the scheduler starts
2026-10-07 09:33:23,463 [INFO] Scheduled job check at 10:00
2026-10-07 09:33:23,463 [INFO] Adding job tentatively -- it will be properly scheduled when the scheduler starts
2026-10-07 09:33:23,463 [INFO] Scheduled job check at 11:00
2026-10-07 09:33:23,464 [INFO] Adding job tentatively -- it will be properly scheduled when the scheduler starts
2026-10-07 09:33:23,464 [INFO] Scheduled job check at 12:00
2026-10-07 09:33:23,464 [INFO] Adding job tentatively -- it will be properly scheduled when the scheduler starts
2026-10-07 09:33:23,464 [INFO] Scheduled job check at 13:00
2026-10-07 09:33:23,464 [INFO] Adding job tentatively -- it will be properly scheduled when the scheduler starts
2026-10-07 09:33:23,464 [INFO] Scheduled job check at 14:00
2026-10-07 09:33:23,464 [INFO] Adding job tentatively -- it will be properly scheduled when the scheduler starts
2026-10-07 09:33:23,465 [INFO] Scheduled job check at 15:00
2026-10-07 09:33:23,465 [INFO] Adding job tentatively -- it will be properly scheduled when the scheduler starts
2026-10-07 09:33:23,465 [INFO] Scheduled job check at 16:00
2026-10-07 09:33:23,465 [INFO] Adding job tentatively -- it will be properly scheduled when the scheduler starts
2026-10-07 09:33:23,465 [INFO] Scheduled job check at 17:00
2026-10-07 09:33:23,465 [INFO] Adding job tentatively -- it will be properly scheduled when the scheduler starts
2026-10-07 09:33:23,466 [INFO] Scheduled job check at 18:00
2026-10-07 09:33:23,466 [INFO] Adding job tentatively -- it will be properly scheduled when the scheduler starts
2026-10-07 09:33:23,466 [INFO] Scheduled job check at 19:00
2026-10-07 09:33:23,467 [INFO] Adding job tentatively -- it will be properly scheduled when the scheduler starts
2026-10-07 09:33:23,467 [INFO] Scheduled job check at 20:00
2026-10-07 09:33:23,467 [INFO] Adding job tentatively -- it will be properly scheduled when the scheduler starts
2026-10-07 09:33:23,468 [INFO] Scheduled job check at 21:00
2026-10-07 09:33:23,468 [INFO] Adding job tentatively -- it will be properly scheduled when the scheduler starts
2026-10-07 09:33:23,468 [INFO] Scheduled job check at 22:00
2026-10-07 09:33:23,468 [INFO] Adding job tentatively -- it will be properly scheduled when the scheduler starts
2026-10-07 09:33:23,468 [INFO] Scheduled job check at 23:00
2026-10-07 09:33:23,469 [INFO] Adding job tentatively -- it will be properly scheduled when the scheduler starts
2026-10-07 09:33:23,469 [INFO] Adding job tentatively -- it will be properly scheduled when the scheduler starts
2026-10-07 09:33:23,469 [INFO] Scheduled heartbeat at 0:30
2026-10-07 09:33:23,469 [INFO] Adding job tentatively -- it will be properly scheduled when the scheduler starts
2026-10-07 09:33:23,469 [INFO] Scheduled heartbeat at 3:30
2026-10-07 09:33:23,470 [INFO] Adding job tentatively -- it will be properly scheduled when the scheduler starts
2026-10-07 09:33:23,470 [INFO] Scheduled heartbeat at 6:30
2026-10-07 09:33:23,470 [INFO] Adding job tentatively -- it will be properly scheduled when the scheduler starts
2026-10-07 09:33:23,470 [INFO] Scheduled heartbeat at 9:30
2026-10-07 09:33:23,470 [INFO] Adding job tentatively -- it will be properly scheduled when the scheduler starts
2026-10-07 09:33:23,470 [INFO] Scheduled heartbeat at 12:30
2026-10-07 09:33:23,470 [INFO] Adding job tentatively -- it will be properly scheduled when the scheduler starts
2026-10-07 09:33:23,470 [INFO] Scheduled heartbeat at 15:30
2026-10-07 09:33:23,470 [INFO] Adding job tentatively -- it will be properly scheduled when the scheduler starts
2026-10-07 09:33:23,470 [INFO] Scheduled heartbeat at 18:30
2026-10-07 09:33:23,471 [INFO] Adding job tentatively -- it will be properly scheduled when the scheduler starts
2026-10-07 09:33:23,471 [INFO] Scheduled heartbeat at 21:30
2026-10-07 09:33:23,471 [INFO] Scheduler started. Press Ctrl+C to exit.
2026-10-07 09:33:23,471 [INFO] Added job "Job check at 0:00" to job store "default"
2026-10-07 09:33:23,471 [INFO] Added job "Job check at 1:00" to job store "default"
2026-10-07 09:33:23,471 [INFO] Added job "Job check at 2:00" to job store "default"
2026-10-07 09:33:23,472 [INFO] Added job "Job check at 3:00" to job store "default"
2026-10-07 09:33:23,472 [INFO] Added job "Job check at 4:00" to job store "default"
2026-10-07 09:33:23,472 [INFO] Added job "Job check at 5:00" to job store "default"
2026-10-07 09:33:23,472 [INFO] Added job "Job check at 6:00" to job store "default"
2026-10-07 09:33:23,472 [INFO] Added job "Job check at 7:00" to job store "default"
2026-10-07 09:33:23,472 [INFO] Added job "Job check at 8:00" to job store "default"
2026-10-07 09:33:23,473 [INFO] Added job "Job check at 9:00" to job store "default"
2026-10-07 09:33:23,473 [INFO] Added job "Job check at 10:00" to job store "default"
2026-10-07 09:33:23,474 [INFO] Added job "Job check at 11:00" to job store "default"
2026-10-07 09:33:23,474 [INFO] Added job "Job check at 12:00" to job store "default"
2026-10-07 09:33:23,474 [INFO] Added job "Job check at 13:00" to job store "default"
2026-10-07 09:33:23,474 [INFO] Added job "Job check at 14:00" to job store "default"
2026-10-07 09:33:23,475 [INFO] Added job "Job check at 15:00" to job store "default"
2026-10-07 09:33:23,475 [INFO] Added job "Job check at 16:00" to job store "default"
2026-10-07 09:33:23,475 [INFO] Added job "Job check at 17:00" to job store "default"
2026-10-07 09:33:23,475 [INFO] Added job "Job check at 18:00" to job store "default"
2026-10-07 09:33:23,476 [INFO] Added job "Job check at 19:00" to job store "default"
2026-10-07 09:33:23,476 [INFO] Added job "Job check at 20:00" to job store "default"
2026-10-07 09:33:23,476 [INFO] Added job "Job check at 21:00" to job store "default"
2026-10-07 09:33:23,477 [INFO] Added job "Job check at 22:00" to job store "default"
2026-10-07 09:33:23,477 [INFO] Added job "Job check at 23:00" to job store "default"
2026-10-07 09:33:23,477 [INFO] Added job "Startup job check" to job store "default"
2026-10-07 09:33:23,478 [INFO] Added job "Heartbeat at 0:30" to job store "default"
2026-10-07 09:33:23,478 [INFO] Added job "Heartbeat at 3:30" to job store "default"
2026-10-07 09:33:23,478 [INFO] Added job "Heartbeat at 6:30" to job store "default"
2026-10-07 09:33:23,479 [INFO] Added job "Heartbeat at 9:30" to job store "default"
2026-10-07 09:33:23,479 [INFO] Added job "Heartbeat at 12:30" to job store "default"
2026-10-07 09:33:23,479 [INFO] Added job "Heartbeat at 15:30" to job store "default"
2026-10-07 09:33:23,480 [INFO] Added job "Heartbeat at 18:30" to job store "default"
2026-10-07 09:33:23,480 [INFO] Added job "Heartbeat at 21:30" to job store "default"
2026-10-07 09:33:23,480 [INFO] Scheduler started
2026-10-07 09:33:23,485 [INFO] Running job "Startup job check (trigger: date[2026-10-07 09:33:23 WITA], next run at: 2026-10-07 09:33:23 WITA)" (scheduled at 2026-10-07 09:33:23.469253+08:00)
2026-10-07 09:33:23,485 [INFO] ==================================================
2026-10-07 09:33:23,485 [INFO] Job check started at 2026-10-07 09:33:23.485789
2026-10-07 09:33:23,487 [INFO] Removed job job_check_startup
2026-10-07 09:33:24,413 [INFO] Searching: Excel
2026-10-07 09:33:35,385 [INFO] Kalibrr: Found 30 job links for 'Excel'
2026-10-07 09:35:15,328 [WARNING] Indeed blocked the request
2026-10-07 09:35:25,212 [WARNING] Google blocked the request
2026-10-07 09:35:27,117 [INFO] Searching: Microsoft Excel
2026-10-07 09:35:44,774 [INFO] Kalibrr: Found 30 job links for 'Microsoft Excel'
2026-10-07 09:35:53,484 [INFO] Scheduler stopped.
2026-10-07 09:35:54,452 [INFO] Notification sent successfully
2026-10-07 09:35:55,581 [INFO] Starting Job Alert Bot...
2026-10-07 09:35:55,581 [INFO] Timezone: Asia/Makassar
2026-10-07 09:35:55,582 [INFO] Schedule hours: [0, 1, 2, 3, 4, 5, 6, 7, 8, 9, 10, 11, 12, 13, 14, 15, 16, 17, 18, 19, 20, 21, 22, 23] (24/7)
2026-10-07 09:35:55,582 [INFO] Location filter: manado
2026-10-07 09:35:56,571 [INFO] Notification sent successfully
2026-10-07 09:35:56,585 [INFO] Adding job tentatively -- it will be properly scheduled when the scheduler starts
2026-10-07 09:35:56,585 [INFO] Scheduled job check at 0:00
2026-10-07 09:35:56,586 [INFO] Adding job tentatively -- it will be properly scheduled when the scheduler starts
2026-10-07 09:35:56,586 [INFO] Scheduled job check at 1:00
2026-10-07 09:35:56,586 [INFO] Adding job tentatively -- it will be properly scheduled when the scheduler starts
2026-10-07 09:35:56,586 [INFO] Scheduled job check at 2:00
2026-10-07 09:35:56,586 [INFO] Adding job tentatively -- it will be properly scheduled when the scheduler starts
2026-10-07 09:35:56,586 [INFO] Scheduled job check at 3:00
2026-10-07 09:35:56,586 [INFO] Adding job tentatively -- it will be properly scheduled when the scheduler starts
2026-10-07 09:35:56,586 [INFO] Scheduled job check at 4:00
2026-10-07 09:35:56,586 [INFO] Adding job tentatively -- it will be properly scheduled when the scheduler starts
2026-10-07 09:35:56,586 [INFO] Scheduled job check at 5:00
2026-10-07 09:35:56,587 [INFO] Adding job tentatively -- it will be properly scheduled when the scheduler starts
2026-10-07 09:35:56,587 [INFO] Scheduled job check at 6:00
2026-10-07 09:35:56,587 [INFO] Adding job tentatively -- it will be properly scheduled when the scheduler starts
2026-10-07 09:35:56,587 [INFO] Scheduled job check at 7:00
2026-10-07 09:35:56,587 [INFO] Adding job tentatively -- it will be properly scheduled when the scheduler starts
2026-10-07 09:35:56,587 [INFO] Scheduled job check at 8:00
2026-10-07 09:35:56,587 [INFO] Adding job tentatively -- it will be properly scheduled when the scheduler starts
2026-10-07 09:35:56,587 [INFO] Scheduled job check at 9:00
2026-10-07 09:35:56,587 [INFO] Adding job tentatively -- it will be properly scheduled when the scheduler starts
2026-10-07 09:35:56,587 [INFO] Scheduled job check at 10:00
2026-10-07 09:35:56,587 [INFO] Adding job tentatively -- it will be properly scheduled when the scheduler starts
2026-10-07 09:35:56,587 [INFO] Scheduled job check at 11:00
2026-10-07 09:35:56,587 [INFO] Adding job tentatively -- it will be properly scheduled when the scheduler starts
2026-10-07 09:35:56,587 [INFO] Scheduled job check at 12:00
2026-10-07 09:35:56,587 [INFO] Adding job tentatively -- it will be properly scheduled when the scheduler starts
2026-10-07 09:35:56,587 [INFO] Scheduled job check at 13:00
2026-10-07 09:35:56,588 [INFO] Adding job tentatively -- it will be properly scheduled when the scheduler starts
2026-10-07 09:35:56,588 [INFO] Scheduled job check at 14:00
2026-10-07 09:35:56,588 [INFO] Adding job tentatively -- it will be properly scheduled when the scheduler starts
2026-10-07 09:35:56,588 [INFO] Scheduled job check at 15:00
2026-10-07 09:35:56,588 [INFO] Adding job tentatively -- it will be properly scheduled when the scheduler starts
2026-10-07 09:35:56,588 [INFO] Scheduled job check at 16:00
2026-10-07 09:35:56,588 [INFO] Adding job tentatively -- it will be properly scheduled when the scheduler starts
2026-10-07 09:35:56,588 [INFO] Scheduled job check at 17:00
2026-10-07 09:35:56,588 [INFO] Adding job tentatively -- it will be properly scheduled when the scheduler starts
2026-10-07 09:35:56,588 [INFO] Scheduled job check at 18:00
2026-10-07 09:35:56,588 [INFO] Adding job tentatively -- it will be properly scheduled when the scheduler starts
2026-10-07 09:35:56,588 [INFO] Scheduled job check at 19:00
2026-10-07 09:35:56,588 [INFO] Adding job tentatively -- it will be properly scheduled when the scheduler starts
2026-10-07 09:35:56,588 [INFO] Scheduled job check at 20:00
2026-10-07 09:35:56,588 [INFO] Adding job tentatively -- it will be properly scheduled when the scheduler starts
2026-10-07 09:35:56,588 [INFO] Scheduled job check at 21:00
2026-10-07 09:35:56,589 [INFO] Adding job tentatively -- it will be properly scheduled when the scheduler starts
2026-10-07 09:35:56,589 [INFO] Scheduled job check at 22:00
2026-10-07 09:35:56,589 [INFO] Adding job tentatively -- it will be properly scheduled when the scheduler starts
2026-10-07 09:35:56,589 [INFO] Scheduled job check at 23:00
2026-10-07 09:35:56,590 [INFO] Adding job tentatively -- it will be properly scheduled when the scheduler starts
2026-10-07 09:35:56,590 [INFO] Adding job tentatively -- it will be properly scheduled when the scheduler starts
2026-10-07 09:35:56,590 [INFO] Scheduled heartbeat at 0:30
2026-10-07 09:35:56,590 [INFO] Adding job tentatively -- it will be properly scheduled when the scheduler starts
2026-10-07 09:35:56,590 [INFO] Scheduled heartbeat at 3:30
2026-10-07 09:35:56,591 [INFO] Adding job tentatively -- it will be properly scheduled when the scheduler starts
2026-10-07 09:35:56,591 [INFO] Scheduled heartbeat at 6:30
2026-10-07 09:35:56,591 [INFO] Adding job tentatively -- it will be properly scheduled when the scheduler starts
2026-10-07 09:35:56,591 [INFO] Scheduled heartbeat at 9:30
2026-10-07 09:35:56,591 [INFO] Adding job tentatively -- it will be properly scheduled when the scheduler starts
2026-10-07 09:35:56,591 [INFO] Scheduled heartbeat at 12:30
2026-10-07 09:35:56,591 [INFO] Adding job tentatively -- it will be properly scheduled when the scheduler starts
2026-10-07 09:35:56,591 [INFO] Scheduled heartbeat at 15:30
2026-10-07 09:35:56,591 [INFO] Adding job tentatively -- it will be properly scheduled when the scheduler starts
2026-10-07 09:35:56,591 [INFO] Scheduled heartbeat at 18:30
2026-10-07 09:35:56,592 [INFO] Adding job tentatively -- it will be properly scheduled when the scheduler starts
2026-10-07 09:35:56,592 [INFO] Scheduled heartbeat at 21:30
2026-10-07 09:35:56,592 [INFO] Scheduler started. Press Ctrl+C to exit.
2026-10-07 09:35:56,592 [INFO] Added job "Job check at 0:00" to job store "default"
2026-10-07 09:35:56,592 [INFO] Added job "Job check at 1:00" to job store "default"
2026-10-07 09:35:56,592 [INFO] Added job "Job check at 2:00" to job store "default"
2026-10-07 09:35:56,593 [INFO] Added job "Job check at 3:00" to job store "default"
2026-10-07 09:35:56,593 [INFO] Added job "Job check at 4:00" to job store "default"
2026-10-07 09:35:56,594 [INFO] Added job "Job check at 5:00" to job store "default"
2026-10-07 09:35:56,594 [INFO] Added job "Job check at 6:00" to job store "default"
2026-10-07 09:35:56,594 [INFO] Added job "Job check at 7:00" to job store "default"
2026-10-07 09:35:56,595 [INFO] Added job "Job check at 8:00" to job store "default"
2026-10-07 09:35:56,595 [INFO] Added job "Job check at 9:00" to job store "default"
2026-10-07 09:35:56,597 [INFO] Added job "Job check at 10:00" to job store "default"
2026-10-07 09:35:56,598 [INFO] Added job "Job check at 11:00" to job store "default"
2026-10-07 09:35:56,598 [INFO] Added job "Job check at 12:00" to job store "default"
2026-10-07 09:35:56,598 [INFO] Added job "Job check at 13:00" to job store "default"
2026-10-07 09:35:56,598 [INFO] Added job "Job check at 14:00" to job store "default"
2026-10-07 09:35:56,599 [INFO] Added job "Job check at 15:00" to job store "default"
2026-10-07 09:35:56,599 [INFO] Added job "Job check at 16:00" to job store "default"
2026-10-07 09:35:56,599 [INFO] Added job "Job check at 17:00" to job store "default"
2026-10-07 09:35:56,599 [INFO] Added job "Job check at 18:00" to job store "default"
2026-10-07 09:35:56,599 [INFO] Added job "Job check at 19:00" to job store "default"
2026-10-07 09:35:56,599 [INFO] Added job "Job check at 20:00" to job store "default"
2026-10-07 09:35:56,600 [INFO] Added job "Job check at 21:00" to job store "default"
2026-10-07 09:35:56,600 [INFO] Added job "Job check at 22:00" to job store "default"
2026-10-07 09:35:56,600 [INFO] Added job "Job check at 23:00" to job store "default"
2026-10-07 09:35:56,600 [INFO] Added job "Startup job check" to job store "default"
2026-10-07 09:35:56,600 [INFO] Added job "Heartbeat at 0:30" to job store "default"
2026-10-07 09:35:56,600 [INFO] Added job "Heartbeat at 3:30" to job store "default"
2026-10-07 09:35:56,605 [INFO] Added job "Heartbeat at 6:30" to job store "default"
2026-10-07 09:35:56,606 [INFO] Added job "Heartbeat at 9:30" to job store "default"
2026-10-07 09:35:56,606 [INFO] Added job "Heartbeat at 12:30" to job store "default"
2026-10-07 09:35:56,606 [INFO] Added job "Heartbeat at 15:30" to job store "default"
2026-10-07 09:35:56,606 [INFO] Added job "Heartbeat at 18:30" to job store "default"
2026-10-07 09:35:56,607 [INFO] Added job "Heartbeat at 21:30" to job store "default"
2026-10-07 09:35:56,607 [INFO] Scheduler started
2026-10-07 09:35:56,607 [INFO] Running job "Startup job check (trigger: date[2026-10-07 09:35:56 WITA], next run at: 2026-10-07 09:35:56 WITA)" (scheduled at 2026-10-07 09:35:56.590412+08:00)
2026-10-07 09:35:56,608 [INFO] ==================================================
2026-10-07 09:35:56,608 [INFO] Job check started at 2026-10-07 09:35:56.608341
2026-10-07 09:35:56,610 [INFO] Removed job job_check_startup
2026-10-07 09:36:01,534 [INFO] Searching: Excel
2026-10-07 09:36:13,734 [INFO] Kalibrr: Found 30 job links for 'Excel'
2026-10-07 09:37:27,808 [INFO] Notification sent successfully
2026-10-07 09:37:27,811 [INFO] Streamed job #1: J&T Cargo Indonesia (PT Global Yimi Cargo) | Gateway Supervisor Manado
2026-10-07 09:37:28,857 [INFO] Notification sent successfully
2026-10-07 09:37:28,858 [INFO] Streamed job #2: Confidential | Marketing Operation Officer
2026-10-07 09:37:30,001 [INFO] Notification sent successfully
2026-10-07 09:37:30,003 [INFO] Streamed job #3: Brink’s Inc | CPC ADMIN
2026-10-07 09:37:31,219 [INFO] Notification sent successfully
2026-10-07 09:37:31,220 [INFO] Streamed job #4: Anteraja | Staging Store Coordinator - Manado
2026-10-07 09:37:32,319 [INFO] Notification sent successfully
2026-10-07 09:37:32,320 [INFO] Streamed job #5: Mars | Business Development Manager (Sulawesi)
2026-10-07 09:37:33,533 [INFO] Notification sent successfully
2026-10-07 09:37:33,534 [INFO] Streamed job #6: Brink’s Inc | Admin CPC Manado
2026-10-07 09:37:34,747 [INFO] Notification sent successfully
2026-10-07 09:37:34,748 [INFO] Streamed job #7: JTI | AREA DISTRIBUTOR EXECUTIVE (MANADO)
2026-10-07 09:37:35,923 [INFO] Notification sent successfully
2026-10-07 09:37:35,924 [INFO] Streamed job #8: Lactalis-Mainland Dairy | Area Sales Manager (Manado)
2026-10-07 09:37:42,470 [WARNING] Indeed blocked the request
2026-10-07 09:37:50,813 [WARNING] Google blocked the request
2026-10-07 09:37:53,275 [INFO] Searching: Microsoft Excel
2026-10-07 09:38:07,739 [INFO] Kalibrr: Found 30 job links for 'Microsoft Excel'
2026-10-07 09:39:05,257 [INFO] Scheduler stopped.
2026-10-07 09:39:05,338 [WARNING] JobStreet scrape failed for 'Microsoft Excel': Page.wait_for_timeout: Target page, context or browser has been closed
2026-10-07 09:39:06,176 [INFO] Notification sent successfully
2026-10-07 09:39:07,427 [INFO] Starting Job Alert Bot...
2026-10-07 09:39:07,427 [INFO] Timezone: Asia/Makassar
2026-10-07 09:39:07,427 [INFO] Schedule hours: [0, 1, 2, 3, 4, 5, 6, 7, 8, 9, 10, 11, 12, 13, 14, 15, 16, 17, 18, 19, 20, 21, 22, 23] (24/7)
2026-10-07 09:39:07,428 [INFO] Location filter: manado
2026-10-07 09:39:08,372 [INFO] Notification sent successfully
2026-10-07 09:39:08,401 [INFO] Adding job tentatively -- it will be properly scheduled when the scheduler starts
2026-10-07 09:39:08,402 [INFO] Scheduled job check at 0:00
2026-10-07 09:39:08,402 [INFO] Adding job tentatively -- it will be properly scheduled when the scheduler starts
2026-10-07 09:39:08,402 [INFO] Scheduled job check at 1:00
2026-10-07 09:39:08,402 [INFO] Adding job tentatively -- it will be properly scheduled when the scheduler starts
2026-10-07 09:39:08,402 [INFO] Scheduled job check at 2:00
2026-10-07 09:39:08,403 [INFO] Adding job tentatively -- it will be properly scheduled when the scheduler starts
2026-10-07 09:39:08,403 [INFO] Scheduled job check at 3:00
2026-10-07 09:39:08,403 [INFO] Adding job tentatively -- it will be properly scheduled when the scheduler starts
2026-10-07 09:39:08,403 [INFO] Scheduled job check at 4:00
2026-10-07 09:39:08,403 [INFO] Adding job tentatively -- it will be properly scheduled when the scheduler starts
2026-10-07 09:39:08,403 [INFO] Scheduled job check at 5:00
2026-10-07 09:39:08,404 [INFO] Adding job tentatively -- it will be properly scheduled when the scheduler starts
2026-10-07 09:39:08,404 [INFO] Scheduled job check at 6:00
2026-10-07 09:39:08,404 [INFO] Adding job tentatively -- it will be properly scheduled when the scheduler starts
2026-10-07 09:39:08,404 [INFO] Scheduled job check at 7:00
2026-10-07 09:39:08,404 [INFO] Adding job tentatively -- it will be properly scheduled when the scheduler starts
2026-10-07 09:39:08,404 [INFO] Scheduled job check at 8:00
2026-10-07 09:39:08,404 [INFO] Adding job tentatively -- it will be properly scheduled when the scheduler starts
2026-10-07 09:39:08,404 [INFO] Scheduled job check at 9:00
2026-10-07 09:39:08,405 [INFO] Adding job tentatively -- it will be properly scheduled when the scheduler starts
2026-10-07 09:39:08,405 [INFO] Scheduled job check at 10:00
2026-10-07 09:39:08,405 [INFO] Adding job tentatively -- it will be properly scheduled when the scheduler starts
2026-10-07 09:39:08,405 [INFO] Scheduled job check at 11:00
2026-10-07 09:39:08,405 [INFO] Adding job tentatively -- it will be properly scheduled when the scheduler starts
2026-10-07 09:39:08,405 [INFO] Scheduled job check at 12:00
2026-10-07 09:39:08,405 [INFO] Adding job tentatively -- it will be properly scheduled when the scheduler starts
2026-10-07 09:39:08,405 [INFO] Scheduled job check at 13:00
2026-10-07 09:39:08,405 [INFO] Adding job tentatively -- it will be properly scheduled when the scheduler starts
2026-10-07 09:39:08,405 [INFO] Scheduled job check at 14:00
2026-10-07 09:39:08,406 [INFO] Adding job tentatively -- it will be properly scheduled when the scheduler starts
2026-10-07 09:39:08,406 [INFO] Scheduled job check at 15:00
2026-10-07 09:39:08,406 [INFO] Adding job tentatively -- it will be properly scheduled when the scheduler starts
2026-10-07 09:39:08,406 [INFO] Scheduled job check at 16:00
2026-10-07 09:39:08,406 [INFO] Adding job tentatively -- it will be properly scheduled when the scheduler starts
2026-10-07 09:39:08,406 [INFO] Scheduled job check at 17:00
2026-10-07 09:39:08,407 [INFO] Adding job tentatively -- it will be properly scheduled when the scheduler starts
2026-10-07 09:39:08,407 [INFO] Scheduled job check at 18:00
2026-10-07 09:39:08,407 [INFO] Adding job tentatively -- it will be properly scheduled when the scheduler starts
2026-10-07 09:39:08,407 [INFO] Scheduled job check at 19:00
2026-10-07 09:39:08,407 [INFO] Adding job tentatively -- it will be properly scheduled when the scheduler starts
2026-10-07 09:39:08,407 [INFO] Scheduled job check at 20:00
2026-10-07 09:39:08,407 [INFO] Adding job tentatively -- it will be properly scheduled when the scheduler starts
2026-10-07 09:39:08,407 [INFO] Scheduled job check at 21:00
2026-10-07 09:39:08,407 [INFO] Adding job tentatively -- it will be properly scheduled when the scheduler starts
2026-10-07 09:39:08,408 [INFO] Scheduled job check at 22:00
2026-10-07 09:39:08,408 [INFO] Adding job tentatively -- it will be properly scheduled when the scheduler starts
2026-10-07 09:39:08,408 [INFO] Scheduled job check at 23:00
2026-10-07 09:39:08,409 [INFO] Adding job tentatively -- it will be properly scheduled when the scheduler starts
2026-10-07 09:39:08,409 [INFO] Adding job tentatively -- it will be properly scheduled when the scheduler starts
2026-10-07 09:39:08,410 [INFO] Scheduled heartbeat at 0:30
2026-10-07 09:39:08,410 [INFO] Adding job tentatively -- it will be properly scheduled when the scheduler starts
2026-10-07 09:39:08,410 [INFO] Scheduled heartbeat at 3:30
2026-10-07 09:39:08,410 [INFO] Adding job tentatively -- it will be properly scheduled when the scheduler starts
2026-10-07 09:39:08,410 [INFO] Scheduled heartbeat at 6:30
2026-10-07 09:39:08,411 [INFO] Adding job tentatively -- it will be properly scheduled when the scheduler starts
2026-10-07 09:39:08,411 [INFO] Scheduled heartbeat at 9:30
2026-10-07 09:39:08,411 [INFO] Adding job tentatively -- it will be properly scheduled when the scheduler starts
2026-10-07 09:39:08,411 [INFO] Scheduled heartbeat at 12:30
2026-10-07 09:39:08,411 [INFO] Adding job tentatively -- it will be properly scheduled when the scheduler starts
2026-10-07 09:39:08,411 [INFO] Scheduled heartbeat at 15:30
2026-10-07 09:39:08,412 [INFO] Adding job tentatively -- it will be properly scheduled when the scheduler starts
2026-10-07 09:39:08,412 [INFO] Scheduled heartbeat at 18:30
2026-10-07 09:39:08,412 [INFO] Adding job tentatively -- it will be properly scheduled when the scheduler starts
2026-10-07 09:39:08,412 [INFO] Scheduled heartbeat at 21:30
2026-10-07 09:39:08,412 [INFO] Scheduler started. Press Ctrl+C to exit.
2026-10-07 09:39:08,412 [INFO] Added job "Job check at 0:00" to job store "default"
2026-10-07 09:39:08,412 [INFO] Added job "Job check at 1:00" to job store "default"
2026-10-07 09:39:08,413 [INFO] Added job "Job check at 2:00" to job store "default"
2026-10-07 09:39:08,413 [INFO] Added job "Job check at 3:00" to job store "default"
2026-10-07 09:39:08,413 [INFO] Added job "Job check at 4:00" to job store "default"
2026-10-07 09:39:08,414 [INFO] Added job "Job check at 5:00" to job store "default"
2026-10-07 09:39:08,414 [INFO] Added job "Job check at 6:00" to job store "default"
2026-10-07 09:39:08,414 [INFO] Added job "Job check at 7:00" to job store "default"
2026-10-07 09:39:08,414 [INFO] Added job "Job check at 8:00" to job store "default"
2026-10-07 09:39:08,414 [INFO] Added job "Job check at 9:00" to job store "default"
2026-10-07 09:39:08,414 [INFO] Added job "Job check at 10:00" to job store "default"
2026-10-07 09:39:08,414 [INFO] Added job "Job check at 11:00" to job store "default"
2026-10-07 09:39:08,415 [INFO] Added job "Job check at 12:00" to job store "default"
2026-10-07 09:39:08,415 [INFO] Added job "Job check at 13:00" to job store "default"
2026-10-07 09:39:08,415 [INFO] Added job "Job check at 14:00" to job store "default"
2026-10-07 09:39:08,415 [INFO] Added job "Job check at 15:00" to job store "default"
2026-10-07 09:39:08,415 [INFO] Added job "Job check at 16:00" to job store "default"
2026-10-07 09:39:08,415 [INFO] Added job "Job check at 17:00" to job store "default"
2026-10-07 09:39:08,415 [INFO] Added job "Job check at 18:00" to job store "default"
2026-10-07 09:39:08,415 [INFO] Added job "Job check at 19:00" to job store "default"
2026-10-07 09:39:08,415 [INFO] Added job "Job check at 20:00" to job store "default"
2026-10-07 09:39:08,415 [INFO] Added job "Job check at 21:00" to job store "default"
2026-10-07 09:39:08,416 [INFO] Added job "Job check at 22:00" to job store "default"
2026-10-07 09:39:08,416 [INFO] Added job "Job check at 23:00" to job store "default"
2026-10-07 09:39:08,416 [INFO] Added job "Startup job check" to job store "default"
2026-10-07 09:39:08,416 [INFO] Added job "Heartbeat at 0:30" to job store "default"
2026-10-07 09:39:08,416 [INFO] Added job "Heartbeat at 3:30" to job store "default"
2026-10-07 09:39:08,416 [INFO] Added job "Heartbeat at 6:30" to job store "default"
2026-10-07 09:39:08,416 [INFO] Added job "Heartbeat at 9:30" to job store "default"
2026-10-07 09:39:08,416 [INFO] Added job "Heartbeat at 12:30" to job store "default"
2026-10-07 09:39:08,417 [INFO] Added job "Heartbeat at 15:30" to job store "default"
2026-10-07 09:39:08,417 [INFO] Added job "Heartbeat at 18:30" to job store "default"
2026-10-07 09:39:08,417 [INFO] Added job "Heartbeat at 21:30" to job store "default"
2026-10-07 09:39:08,417 [INFO] Scheduler started
2026-10-07 09:39:08,418 [INFO] Running job "Startup job check (trigger: date[2026-10-07 09:39:08 WITA], next run at: 2026-10-07 09:39:08 WITA)" (scheduled at 2026-10-07 09:39:08.409212+08:00)
2026-10-07 09:39:08,418 [INFO] ==================================================
2026-10-07 09:39:08,418 [INFO] Removed job job_check_startup
2026-10-07 09:39:08,419 [INFO] Job check started at 2026-10-07 09:39:08.419158
2026-10-07 09:39:15,859 [INFO] Searching: Job Fair events
2026-10-07 09:39:22,690 [WARNING] Google blocked job fair search
2026-10-07 09:39:29,897 [WARNING] Google blocked job fair search
2026-10-07 09:39:37,178 [WARNING] Google blocked job fair search
2026-10-07 09:39:37,288 [INFO] Searching: Excel
2026-10-07 09:39:47,498 [INFO] Kalibrr: Found 30 job links for 'Excel'
2026-10-07 09:41:09,662 [WARNING] Indeed blocked the request
2026-10-07 09:41:18,548 [WARNING] Google blocked the request
2026-10-07 09:41:34,802 [WARNING] Facebook requires login
2026-10-07 09:41:44,919 [WARNING] Instagram requires login
2026-10-07 09:41:46,147 [INFO] Searching: Microsoft Excel
2026-10-07 09:41:58,584 [INFO] Kalibrr: Found 30 job links for 'Microsoft Excel'
2026-10-07 09:43:23,290 [INFO] Scheduler stopped.
2026-10-07 09:43:23,373 [WARNING] JobStreet scrape failed for 'Microsoft Excel': Page.wait_for_timeout: Target page, context or browser has been closed
2026-10-07 09:43:25,496 [INFO] Starting Job Alert Bot...
2026-10-07 09:43:25,496 [INFO] Timezone: Asia/Makassar
2026-10-07 09:43:25,496 [INFO] Schedule hours: [0, 1, 2, 3, 4, 5, 6, 7, 8, 9, 10, 11, 12, 13, 14, 15, 16, 17, 18, 19, 20, 21, 22, 23] (24/7)
2026-10-07 09:43:25,496 [INFO] Location filter: manado
2026-10-07 09:43:26,538 [INFO] Notification sent successfully
2026-10-07 09:43:26,573 [INFO] Adding job tentatively -- it will be properly scheduled when the scheduler starts
2026-10-07 09:43:26,574 [INFO] Scheduled job check at 0:00
2026-10-07 09:43:26,574 [INFO] Adding job tentatively -- it will be properly scheduled when the scheduler starts
2026-10-07 09:43:26,577 [INFO] Scheduled job check at 1:00
2026-10-07 09:43:26,577 [INFO] Adding job tentatively -- it will be properly scheduled when the scheduler starts
2026-10-07 09:43:26,578 [INFO] Scheduled job check at 2:00
2026-10-07 09:43:26,578 [INFO] Adding job tentatively -- it will be properly scheduled when the scheduler starts
2026-10-07 09:43:26,578 [INFO] Scheduled job check at 3:00
2026-10-07 09:43:26,578 [INFO] Adding job tentatively -- it will be properly scheduled when the scheduler starts
2026-10-07 09:43:26,578 [INFO] Scheduled job check at 4:00
2026-10-07 09:43:26,578 [INFO] Adding job tentatively -- it will be properly scheduled when the scheduler starts
2026-10-07 09:43:26,578 [INFO] Scheduled job check at 5:00
2026-10-07 09:43:26,578 [INFO] Adding job tentatively -- it will be properly scheduled when the scheduler starts
2026-10-07 09:43:26,578 [INFO] Scheduled job check at 6:00
2026-10-07 09:43:26,579 [INFO] Adding job tentatively -- it will be properly scheduled when the scheduler starts
2026-10-07 09:43:26,579 [INFO] Scheduled job check at 7:00
2026-10-07 09:43:26,579 [INFO] Adding job tentatively -- it will be properly scheduled when the scheduler starts
2026-10-07 09:43:26,579 [INFO] Scheduled job check at 8:00
2026-10-07 09:43:26,579 [INFO] Adding job tentatively -- it will be properly scheduled when the scheduler starts
2026-10-07 09:43:26,579 [INFO] Scheduled job check at 9:00
2026-10-07 09:43:26,579 [INFO] Adding job tentatively -- it will be properly scheduled when the scheduler starts
2026-10-07 09:43:26,579 [INFO] Scheduled job check at 10:00
2026-10-07 09:43:26,579 [INFO] Adding job tentatively -- it will be properly scheduled when the scheduler starts
2026-10-07 09:43:26,579 [INFO] Scheduled job check at 11:00
2026-10-07 09:43:26,585 [INFO] Adding job tentatively -- it will be properly scheduled when the scheduler starts
2026-10-07 09:43:26,586 [INFO] Scheduled job check at 12:00
2026-10-07 09:43:26,586 [INFO] Adding job tentatively -- it will be properly scheduled when the scheduler starts
2026-10-07 09:43:26,586 [INFO] Scheduled job check at 13:00
2026-10-07 09:43:26,587 [INFO] Adding job tentatively -- it will be properly scheduled when the scheduler starts
2026-10-07 09:43:26,587 [INFO] Scheduled job check at 14:00
2026-10-07 09:43:26,588 [INFO] Adding job tentatively -- it will be properly scheduled when the scheduler starts
2026-10-07 09:43:26,588 [INFO] Scheduled job check at 15:00
2026-10-07 09:43:26,588 [INFO] Adding job tentatively -- it will be properly scheduled when the scheduler starts
2026-10-07 09:43:26,596 [INFO] Scheduled job check at 16:00
2026-10-07 09:43:26,596 [INFO] Adding job tentatively -- it will be properly scheduled when the scheduler starts
2026-10-07 09:43:26,596 [INFO] Scheduled job check at 17:00
2026-10-07 09:43:26,596 [INFO] Adding job tentatively -- it will be properly scheduled when the scheduler starts
2026-10-07 09:43:26,596 [INFO] Scheduled job check at 18:00
2026-10-07 09:43:26,597 [INFO] Adding job tentatively -- it will be properly scheduled when the scheduler starts
2026-10-07 09:43:26,597 [INFO] Scheduled job check at 19:00
2026-10-07 09:43:26,597 [INFO] Adding job tentatively -- it will be properly scheduled when the scheduler starts
2026-10-07 09:43:26,597 [INFO] Scheduled job check at 20:00
2026-10-07 09:43:26,597 [INFO] Adding job tentatively -- it will be properly scheduled when the scheduler starts
2026-10-07 09:43:26,597 [INFO] Scheduled job check at 21:00
2026-10-07 09:43:26,597 [INFO] Adding job tentatively -- it will be properly scheduled when the scheduler starts
2026-10-07 09:43:26,597 [INFO] Scheduled job check at 22:00
2026-10-07 09:43:26,598 [INFO] Adding job tentatively -- it will be properly scheduled when the scheduler starts
2026-10-07 09:43:26,598 [INFO] Scheduled job check at 23:00
2026-10-07 09:43:26,598 [INFO] Adding job tentatively -- it will be properly scheduled when the scheduler starts
2026-10-07 09:43:26,599 [INFO] Adding job tentatively -- it will be properly scheduled when the scheduler starts
2026-10-07 09:43:26,599 [INFO] Scheduled heartbeat at 0:30
2026-10-07 09:43:26,599 [INFO] Adding job tentatively -- it will be properly scheduled when the scheduler starts
2026-10-07 09:43:26,599 [INFO] Scheduled heartbeat at 3:30
2026-10-07 09:43:26,600 [INFO] Adding job tentatively -- it will be properly scheduled when the scheduler starts
2026-10-07 09:43:26,600 [INFO] Scheduled heartbeat at 6:30
2026-10-07 09:43:26,600 [INFO] Adding job tentatively -- it will be properly scheduled when the scheduler starts
2026-10-07 09:43:26,600 [INFO] Scheduled heartbeat at 9:30
2026-10-07 09:43:26,600 [INFO] Adding job tentatively -- it will be properly scheduled when the scheduler starts
2026-10-07 09:43:26,600 [INFO] Scheduled heartbeat at 12:30
2026-10-07 09:43:26,600 [INFO] Adding job tentatively -- it will be properly scheduled when the scheduler starts
2026-10-07 09:43:26,600 [INFO] Scheduled heartbeat at 15:30
2026-10-07 09:43:26,600 [INFO] Adding job tentatively -- it will be properly scheduled when the scheduler starts
2026-10-07 09:43:26,600 [INFO] Scheduled heartbeat at 18:30
2026-10-07 09:43:26,601 [INFO] Adding job tentatively -- it will be properly scheduled when the scheduler starts
2026-10-07 09:43:26,601 [INFO] Scheduled heartbeat at 21:30
2026-10-07 09:43:26,601 [INFO] Scheduler started. Press Ctrl+C to exit.
2026-10-07 09:43:26,601 [INFO] Added job "Job check at 0:00" to job store "default"
2026-10-07 09:43:26,601 [INFO] Added job "Job check at 1:00" to job store "default"
2026-10-07 09:43:26,602 [INFO] Added job "Job check at 2:00" to job store "default"
2026-10-07 09:43:26,602 [INFO] Added job "Job check at 3:00" to job store "default"
2026-10-07 09:43:26,602 [INFO] Added job "Job check at 4:00" to job store "default"
2026-10-07 09:43:26,602 [INFO] Added job "Job check at 5:00" to job store "default"
2026-10-07 09:43:26,602 [INFO] Added job "Job check at 6:00" to job store "default"
2026-10-07 09:43:26,602 [INFO] Added job "Job check at 7:00" to job store "default"
2026-10-07 09:43:26,602 [INFO] Added job "Job check at 8:00" to job store "default"
2026-10-07 09:43:26,603 [INFO] Added job "Job check at 9:00" to job store "default"
2026-10-07 09:43:26,603 [INFO] Added job "Job check at 10:00" to job store "default"
2026-10-07 09:43:26,603 [INFO] Added job "Job check at 11:00" to job store "default"
2026-10-07 09:43:26,603 [INFO] Added job "Job check at 12:00" to job store "default"
2026-10-07 09:43:26,603 [INFO] Added job "Job check at 13:00" to job store "default"
2026-10-07 09:43:26,603 [INFO] Added job "Job check at 14:00" to job store "default"
2026-10-07 09:43:26,607 [INFO] Added job "Job check at 15:00" to job store "default"
2026-10-07 09:43:26,608 [INFO] Added job "Job check at 16:00" to job store "default"
2026-10-07 09:43:26,608 [INFO] Added job "Job check at 17:00" to job store "default"
2026-10-07 09:43:26,609 [INFO] Added job "Job check at 18:00" to job store "default"
2026-10-07 09:43:26,609 [INFO] Added job "Job check at 19:00" to job store "default"
2026-10-07 09:43:26,610 [INFO] Added job "Job check at 20:00" to job store "default"
2026-10-07 09:43:26,610 [INFO] Added job "Job check at 21:00" to job store "default"
2026-10-07 09:43:26,610 [INFO] Added job "Job check at 22:00" to job store "default"
2026-10-07 09:43:26,610 [INFO] Added job "Job check at 23:00" to job store "default"
2026-10-07 09:43:26,611 [INFO] Added job "Startup job check" to job store "default"
2026-10-07 09:43:26,611 [INFO] Added job "Heartbeat at 0:30" to job store "default"
2026-10-07 09:43:26,612 [INFO] Added job "Heartbeat at 3:30" to job store "default"
2026-10-07 09:43:26,612 [INFO] Added job "Heartbeat at 6:30" to job store "default"
2026-10-07 09:43:26,612 [INFO] Added job "Heartbeat at 9:30" to job store "default"
2026-10-07 09:43:26,612 [INFO] Added job "Heartbeat at 12:30" to job store "default"
2026-10-07 09:43:26,613 [INFO] Added job "Heartbeat at 15:30" to job store "default"
2026-10-07 09:43:26,613 [INFO] Added job "Heartbeat at 18:30" to job store "default"
2026-10-07 09:43:26,613 [INFO] Added job "Heartbeat at 21:30" to job store "default"
2026-10-07 09:43:26,613 [INFO] Scheduler started
2026-10-07 09:43:26,614 [INFO] Running job "Startup job check (trigger: date[2026-10-07 09:43:26 WITA], next run at: 2026-10-07 09:43:26 WITA)" (scheduled at 2026-10-07 09:43:26.598712+08:00)
2026-10-07 09:43:26,614 [INFO] Removed job job_check_startup
2026-10-07 09:43:26,616 [INFO] ==================================================
2026-10-07 09:43:26,619 [INFO] Job check started at 2026-10-07 09:43:26.618964
2026-10-07 09:43:27,539 [INFO] Searching: Job Fair events
2026-10-07 09:43:33,506 [WARNING] Google blocked job fair search
2026-10-07 09:43:40,630 [WARNING] Google blocked job fair search
2026-10-07 09:43:54,773 [WARNING] Google blocked job fair search
2026-10-07 09:43:54,875 [INFO] Searching: Excel
2026-10-07 09:44:12,520 [INFO] Kalibrr: Found 30 job links for 'Excel'
2026-10-07 09:45:31,461 [WARNING] Indeed blocked the request
2026-10-07 09:45:40,418 [WARNING] Google blocked the request
2026-10-07 09:46:01,534 [WARNING] Facebook requires login
2026-10-07 09:46:11,125 [WARNING] Instagram requires login
2026-10-07 09:46:14,041 [INFO] Searching: Microsoft Excel
2026-10-07 09:46:26,221 [INFO] Kalibrr: Found 30 job links for 'Microsoft Excel'
2026-10-07 09:47:54,191 [WARNING] Indeed blocked the request
2026-10-07 09:48:07,386 [WARNING] Google blocked the request
2026-10-07 09:48:23,712 [WARNING] Facebook requires login
2026-10-07 09:48:32,800 [WARNING] Instagram requires login
2026-10-07 09:48:34,560 [INFO] Searching: Data Entry
2026-10-07 09:48:46,718 [INFO] Kalibrr: Found 30 job links for 'Data Entry'
2026-10-07 09:50:06,662 [INFO] Notification sent successfully
2026-10-07 09:50:06,663 [INFO] Streamed job #1: Siloam Hospitals Group | Front Office Staff
2026-10-07 09:50:07,960 [INFO] Notification sent successfully
2026-10-07 09:50:07,963 [INFO] Streamed job #2: Siloam Hospitals Group | Inventory Planner (Daily Worker)
2026-10-07 09:50:09,047 [INFO] Notification sent successfully
2026-10-07 09:50:09,048 [INFO] Streamed job #3: Siloam Hospitals Group | Procurement Staff
2026-10-07 09:50:18,252 [WARNING] Indeed blocked the request
2026-10-07 09:50:27,910 [WARNING] Google blocked the request
2026-10-07 09:50:42,000 [WARNING] Facebook requires login
2026-10-07 09:50:51,147 [WARNING] Instagram requires login
2026-10-07 09:50:52,323 [INFO] Searching: Data Analyst
2026-10-07 09:51:22,376 [WARNING] Kalibrr scrape failed for 'Data Analyst': Page.goto: Timeout 30000ms exceeded.
Call log:
navigating to "https://www.kalibrr.com/id-ID/home/te/job-posting?q=Data+Analyst", waiting until "networkidle"

2026-10-07 09:52:24,407 [WARNING] Indeed blocked the request
2026-10-07 09:52:33,213 [WARNING] Google blocked the request
2026-10-07 09:52:52,356 [WARNING] Facebook requires login
2026-10-07 09:53:01,573 [WARNING] Instagram requires login
2026-10-07 09:53:03,886 [INFO] Searching: Administration
2026-10-07 09:53:19,207 [INFO] Kalibrr: Found 30 job links for 'Administration'
2026-10-07 09:54:39,341 [INFO] Notification sent successfully
2026-10-07 09:54:39,342 [INFO] Streamed job #4: Siloam Hospitals Group | Internal Verificator
2026-10-07 09:54:40,489 [INFO] Notification sent successfully
2026-10-07 09:54:40,490 [INFO] Streamed job #5: PT Trakindo Utama | Analyst Event Planner
2026-10-07 09:54:49,381 [WARNING] Indeed blocked the request
2026-10-07 09:54:59,124 [WARNING] Google blocked the request
2026-10-07 09:55:13,051 [WARNING] Facebook requires login
2026-10-07 09:55:22,194 [WARNING] Instagram requires login
2026-10-07 09:55:25,052 [INFO] Searching: Admin
2026-10-07 09:55:36,525 [INFO] Kalibrr: Found 30 job links for 'Admin'
2026-10-07 09:57:14,458 [WARNING] Indeed blocked the request
2026-10-07 09:57:22,656 [WARNING] Google blocked the request
2026-10-07 09:57:41,365 [WARNING] Facebook requires login
2026-10-07 09:57:50,636 [WARNING] Instagram requires login
2026-10-07 09:57:51,893 [INFO] Searching: Office
2026-10-07 09:58:02,166 [INFO] Kalibrr: Found 30 job links for 'Office'
2026-10-07 09:59:36,441 [WARNING] LinkedIn scrape failed for 'Office': Page.goto: Timeout 30000ms exceeded.
Call log:
navigating to "https://www.linkedin.com/jobs/search/?keywords=Office&location=Manado", waiting until "networkidle"

2026-10-07 09:59:44,037 [WARNING] Indeed blocked the request
2026-10-07 09:59:52,755 [WARNING] Google blocked the request
2026-10-07 10:00:00,009 [INFO] Running job "Job check at 10:00 (trigger: cron[hour='10', minute='0'], next run at: 2026-10-07 10:00:00 WITA)" (scheduled at 2026-10-07 10:00:00+08:00)
2026-10-07 10:00:00,009 [INFO] ==================================================
2026-10-07 10:00:00,009 [INFO] Job check started at 2026-10-07 10:00:00.009898
2026-10-07 10:00:01,040 [INFO] Searching: Job Fair events
2026-10-07 10:00:08,500 [WARNING] Google blocked job fair search
2026-10-07 10:00:09,209 [WARNING] Facebook requires login
2026-10-07 10:00:15,893 [WARNING] Google blocked job fair search
2026-10-07 10:00:19,951 [WARNING] Instagram requires login
2026-10-07 10:00:21,730 [INFO] Searching: Finance
2026-10-07 10:00:23,119 [WARNING] Google blocked job fair search
2026-10-07 10:00:23,253 [INFO] Searching: Excel
2026-10-07 10:00:31,083 [INFO] Kalibrr: Found 30 job links for 'Finance'
2026-10-07 10:00:34,614 [INFO] Kalibrr: Found 30 job links for 'Excel'
2026-10-07 10:02:15,372 [WARNING] LinkedIn scrape failed for 'Finance': Page.goto: Timeout 30000ms exceeded.
Call log:
navigating to "https://www.linkedin.com/jobs/search/?keywords=Finance&location=Manado", waiting until "networkidle"

2026-10-07 10:02:21,275 [WARNING] LinkedIn scrape failed for 'Excel': Page.goto: Timeout 30000ms exceeded.
Call log:
navigating to "https://www.linkedin.com/jobs/search/?keywords=Excel&location=Manado", waiting until "networkidle"

2026-10-07 10:02:23,225 [WARNING] Indeed blocked the request
2026-10-07 10:02:29,082 [WARNING] Indeed blocked the request
2026-10-07 10:02:32,612 [WARNING] Google blocked the request
2026-10-07 10:02:38,166 [WARNING] Google blocked the request
2026-10-07 10:02:47,366 [WARNING] Facebook requires login
2026-10-07 10:02:57,465 [WARNING] Facebook requires login
2026-10-07 10:02:59,073 [WARNING] Instagram requires login
2026-10-07 10:03:00,357 [INFO] Searching: Accounting
2026-10-07 10:03:07,632 [WARNING] Instagram requires login
2026-10-07 10:03:09,677 [INFO] Searching: Microsoft Excel
2026-10-07 10:03:12,227 [INFO] Kalibrr: Found 30 job links for 'Accounting'
2026-10-07 10:03:22,009 [INFO] Kalibrr: Found 30 job links for 'Microsoft Excel'
2026-10-07 10:04:47,717 [WARNING] Indeed blocked the request
2026-10-07 10:04:55,008 [WARNING] Indeed blocked the request
2026-10-07 10:04:56,500 [WARNING] Google blocked the request
2026-10-07 10:05:04,991 [WARNING] Google blocked the request
2026-10-07 10:05:14,565 [WARNING] Facebook requires login
2026-10-07 10:05:19,588 [WARNING] Facebook requires login
2026-10-07 10:05:23,649 [WARNING] Instagram requires login
2026-10-07 10:05:25,052 [INFO] Searching: Accountant
2026-10-07 10:05:30,163 [WARNING] Instagram requires login
2026-10-07 10:05:33,245 [INFO] Searching: Data Entry
2026-10-07 10:05:37,329 [INFO] Kalibrr: Found 30 job links for 'Accountant'
2026-10-07 10:05:42,291 [INFO] Kalibrr: Found 30 job links for 'Data Entry'
